// Jest Snapshot v1, https://goo.gl/fbAQLP

exports[`global events event names must never change 1`] = `"AS24_WATCHLIST_EVENT"`;

exports[`global events event names must never change 2`] = `"FAVORITES:READY"`;

exports[`global events event names must never change 3`] = `"WATCHLIST:FAVORITE_ADDED"`;

exports[`global events event names must never change 4`] = `"WATCHLIST:FAVORITE_REMOVED"`;

exports[`global events event names must never change 5`] = `"PCS_UI_SHOW_OVERLAY"`;

exports[`global events event names must never change 6`] = `"PCS_UI_SHOW_DOI_OPTIN_OVERLAY"`;
